
[execucao]
  data_hora: 2026-09-17 16:39:15
  grafo: grafo_2
  arquivo: /home/jpgar/grafos/dados/grafo_2.txt
  representacao: matriz
  semente: 42
  limite_ifub_s: 1800.0
  cpu: AMD Ryzen 5 5500
  memtotal_mb: 7874.641
  compilador: g++ 15.2.0

[estudo 1: memoria]
  matriz_estimada_mb: 297.809
  memavailable_mb: 6897.336
  memoria_status: ok
  n: 49948
  m: 1298710
  linhas_aresta: 1299794
  lacos_ignorados: 65
  repetidas_ignoradas: 1019
  rss_base_mb: 4.477
  rss_depois_mb: 302.289
  rss_diferenca_mb: 297.812
  estrutura_mb: 297.809
  estrutura_bytes: 312274896
  tempo_carga_s: 0.303618

[estudos 2 e 3: tempo de BFS e DFS]
  num_buscas: 100
  bfs_media_s: 2.319673363e-02
  bfs_desvio_s: 1.491394308e-02
  dfs_media_s: 2.048199253e-02
  dfs_desvio_s: 1.324765844e-02
  vertices_sorteados: 46347 46021 42403 6167 33666 26585 15257 6349 34103 29466 31644 10347 37153 29195 15434 32149 27675 3275 46162 1272 42616 14439 26854 39154 44434 5533 25198 20873 12319 19529 46192 5168 3811 34417 33665 21620 877 22371 37289 2456 44368 27237 10482 45906 45449 1046 24547 3948 15146 4495 4253 45736 18741 14522 1036 34171 1450 27078 10960 36677 27038 8357 34906 45980 10076 31902 13550 45922 24243 46142 43670 25771 46250 8030 12225 30269 21854 4597 15205 41889 47597 37730 43088 20795 16 42813 20058 42096 8732 12706 23780 17908 42708 49663 5760 46933 37949 41963 23774 45156

[estudo 4: pais]
  pai_bfs_raiz1_v10: nao_alcancado
  pai_bfs_raiz1_v20: nao_alcancado
  pai_bfs_raiz1_v30: nao_alcancado
  pai_dfs_raiz1_v10: nao_alcancado
  pai_dfs_raiz1_v20: nao_alcancado
  pai_dfs_raiz1_v30: nao_alcancado
  pai_bfs_raiz2_v10: 1351
  pai_bfs_raiz2_v20: nao_alcancado
  pai_bfs_raiz2_v30: nao_alcancado
  pai_dfs_raiz2_v10: 3946
  pai_dfs_raiz2_v20: nao_alcancado
  pai_dfs_raiz2_v30: nao_alcancado
  pai_bfs_raiz3_v10: nao_alcancado
  pai_bfs_raiz3_v20: 46738
  pai_bfs_raiz3_v30: 12999
  pai_dfs_raiz3_v10: nao_alcancado
  pai_dfs_raiz3_v20: 217
  pai_dfs_raiz3_v30: 3513

[estudo 5: distancias]
  dist_10_20: infinito
  dist_10_30: infinito
  dist_20_30: 3

[estudo 6: componentes]
  grau_minimo: 1
  grau_maximo: 112
  grau_medio: 52.0025
  mediana_grau: 55.0
  num_componentes: 10
  maior_componente: 25000
  menor_componente: 48
  arquivo_estatisticas: grafo_2_matriz_estatisticas.txt

[estudo 7: diametro]
  diametro_status: nao_calculado_na_matriz

CSV: /home/jpgar/grafos/resultados/grafo_2_matriz.csv
